2025-12-25 03:39:13: Running on host: XSH-20240927AHO
2025-12-25 03:39:13: Simulation setup:
  Engine    : curator.simulate.engines.ase_md.MDEngine
  Model     : ['../example/train/ensemble/model_1/model_path', '../example/train/ensemble/model_2/model_path', '../example/train/ensemble/model_3/model_path']
  Init traj : ../test/LiFePO4.traj
  Systems   : 1 | single system
  Device    : cuda
  Engine params: timestep=0.5
  Callbacks   : curator.simulate.callbacks.calc.CalculatorAssign, curator.simulate.callbacks.thermo_uncertainty.ThermoWithUncertainty, curator.simulate.callbacks.early_stop.EarlyStop
2025-12-25 03:39:13: Seed with <1234>
Loaded single system: natoms=28, Fe:4, Li:4, O:16, P:4
2025-12-25 03:39:14: Calcator assigned to atoms.
           step           epot           ekin           etot       force_sd      energy_sd
uncertainty backend state: <curator.simulate.uncertainty.auto.AutoUncertainty object at 0x7ed6f7f0a780>
uncertainty snapshot: {'force_sd': 0.002815436339005828, 'energy_sd': 0.000623435596935451, 'is_warning': False, 'is_outlier': False}
              1     -183.15714        0.79335     -182.36378        0.00282        0.00062
              2     -183.55896        1.10728     -182.45168        0.00461        0.00039
              3     -183.16641        0.77037     -182.39604        0.00869        0.00116
              4     -183.17535        0.72316     -182.45220        0.01114        0.00251
              5     -183.52000        1.03292     -182.48708        0.01314        0.00446
              6     -183.24490        0.78644     -182.45846        0.01649        0.00633
              7     -183.13310        0.87554     -182.25756        0.01868        0.00837
              8     -183.30179        1.05570     -182.24609        0.02175        0.00888
              9     -183.31335        1.10871     -182.20464        0.02307        0.00881
             10     -182.97258        0.76064     -182.21194        0.02410        0.00884
             11     -183.28452        0.93260     -182.35191        0.02394        0.00964
             12     -183.44127        1.20954     -182.23173        0.02442        0.01075
             13     -183.09045        1.10471     -181.98575        0.02639        0.01215
             14     -182.97266        1.03797     -181.93469        0.03045        0.01112
             15     -183.06230        1.14220     -181.92010        0.02938        0.01122
             16     -182.94786        1.04775     -181.90011        0.02949        0.00943
             17     -182.55423        0.88887     -181.66536        0.03110        0.00918
             18     -182.80978        1.01139     -181.79839        0.03159        0.01645
             19     -183.04147        1.19781     -181.84367        0.03150        0.02203
             20     -182.99124        1.06605     -181.92519        0.03186        0.01972
             21     -182.92938        0.92127     -182.00811        0.03131        0.01723
             22     -183.11508        1.11659     -181.99849        0.03078        0.01415
             23     -183.21637        1.17778     -182.03859        0.03048        0.00957
             24     -183.03598        0.95960     -182.07638        0.02709        0.00972
             25     -183.10510        0.99651     -182.10859        0.02576        0.01030
             26     -183.34991        1.11220     -182.23771        0.02567        0.00972
             27     -183.31097        0.93820     -182.37277        0.02718        0.00856
             28     -183.17151        0.88311     -182.28840        0.02791        0.00650
             29     -183.28203        0.89544     -182.38659        0.02831        0.00653
             30     -183.31473        0.91943     -182.39530        0.02636        0.00674
             31     -183.26160        0.98352     -182.27808        0.02437        0.00189
             32     -183.30249        0.92181     -182.38068        0.02378        0.00060
             33     -183.33440        0.96253     -182.37186        0.02164        0.00594
             34     -183.33115        0.92708     -182.40406        0.02096        0.01111
             35     -183.27716        1.01497     -182.26219        0.02221        0.00998
             36     -183.24963        0.99345     -182.25619        0.02003        0.00741
             37     -183.33682        0.93374     -182.40308        0.01988        0.00395
             38     -183.28911        0.84469     -182.44442        0.02215        0.00314
             39     -183.28264        0.88324     -182.39940        0.02157        0.00405
             40     -183.32779        0.97531     -182.35247        0.02181        0.00677
             41     -183.29491        1.03117     -182.26373        0.02048        0.00808
             42     -183.30933        1.03421     -182.27512        0.01854        0.00429
             43     -183.44675        1.07853     -182.36822        0.02007        0.00162
             44     -183.55267        1.09409     -182.45859        0.02092        0.00485
             45     -183.53459        0.99518     -182.53941        0.02136        0.00893
             46     -183.46906        0.79330     -182.67576        0.02206        0.01040
             47     -183.44022        0.81868     -182.62154        0.02394        0.01157
             48     -183.35680        0.82181     -182.53499        0.02711        0.01367
             49     -183.30664        0.79108     -182.51556        0.02977        0.01150
             50     -183.36600        0.98490     -182.38110        0.02988        0.00336
             51     -183.26714        0.97149     -182.29564        0.02632        0.00369
             52     -183.24249        0.92535     -182.31714        0.02569        0.00525
             53     -183.27982        1.07190     -182.20791        0.02562        0.00407
             54     -183.08690        1.01208     -182.07482        0.02632        0.00615
             55     -183.12042        0.95329     -182.16713        0.02614        0.00440
             56     -183.19998        1.10281     -182.09717        0.02548        0.00163
             57     -182.98875        1.00783     -181.98092        0.02452        0.00845
             58     -182.82224        0.77603     -182.04621        0.02453        0.01312
             59     -183.05380        1.13609     -181.91771        0.02397        0.00938
             60     -183.17862        1.18638     -181.99224        0.02422        0.00782
             61     -183.10149        1.21211     -181.88938        0.02569        0.01038
             62     -183.15094        1.19099     -181.95995        0.02519        0.00777
             63     -183.15970        1.22764     -181.93205        0.02693        0.00777
             64     -182.94952        1.09310     -181.85643        0.02800        0.01125
             65     -182.86626        1.04735     -181.81891        0.02493        0.01298
             66     -182.96611        1.16237     -181.80374        0.02460        0.01386
             67     -182.98656        1.08920     -181.89736        0.02720        0.01339
             68     -182.93694        0.93837     -181.99857        0.02791        0.01031
             69     -183.12604        1.11175     -182.01429        0.02745        0.00778
             70     -183.22433        1.26538     -181.95895        0.02594        0.00885
             71     -183.08257        1.15412     -181.92844        0.02599        0.00822
             72     -182.98259        1.07958     -181.90301        0.02516        0.00486
             73     -182.85684        0.85137     -182.00547        0.02560        0.00613
             74     -182.84940        0.90587     -181.94353        0.02817        0.00656
             75     -182.76059        0.97918     -181.78141        0.02977        0.01107
             76     -182.98413        1.16652     -181.81761        0.02946        0.01499
             77     -183.05699        1.33697     -181.72002        0.02849        0.01759
             78     -182.84457        0.98188     -181.86270        0.03028        0.01970
             79     -182.89359        1.04330     -181.85028        0.03224        0.01453
             80     -182.97269        1.29078     -181.68191        0.03115        0.00612
             81     -182.69934        0.96820     -181.73114        0.02962        0.00808
             82     -182.98953        1.12837     -181.86116        0.02846        0.00744
             83     -183.17296        1.28373     -181.88923        0.02816        0.00602
             84     -183.03452        1.27996     -181.75455        0.02490        0.00961
             85     -182.96997        1.22158     -181.74839        0.02679        0.01231
             86     -183.05199        1.28684     -181.76514        0.02570        0.00640
             87     -182.80638        0.85795     -181.94844        0.02508        0.00100
             88     -182.91838        1.00029     -181.91810        0.02591        0.00371
             89     -183.15125        1.23778     -181.91346        0.02630        0.00310
             90     -183.12424        0.97908     -182.14516        0.02577        0.00547
             91     -183.19403        0.97689     -182.21714        0.02660        0.00556
             92     -183.25224        0.96272     -182.28952        0.02634        0.00580
             93     -183.25317        1.07010     -182.18307        0.02688        0.00349
             94     -183.32793        1.08236     -182.24557        0.02669        0.00398
             95     -183.29440        1.03278     -182.26162        0.02600        0.00835
             96     -183.22050        0.75322     -182.46728        0.02480        0.00663
             97     -183.20940        0.75217     -182.45723        0.02748        0.00740
             98     -183.28122        0.79208     -182.48914        0.02601        0.01167
             99     -183.29718        0.79455     -182.50263        0.02298        0.01074
            100     -183.33002        0.83952     -182.49049        0.02282        0.00748
            101     -183.38921        0.94707     -182.44214        0.02198        0.00564
Timing summary (s): load=0.0008, callbacks_start=0.7178, engine_setup=0.0002, attach=0.0000, simulate=4.0067, callbacks_end=0.0001, total=4.7261
