[2025-10-01 15:16:11,349][curator][DEBUG] - Running on host: XSH-20240927AHO
[2025-10-01 15:16:11,349][curator][DEBUG] - Seed with <3407>
[2025-10-01 15:16:11,353][curator][DEBUG] - Instantiating datamodule <curator.data.AtomsDataModule> from dataset ../LiFePO4.traj
[2025-10-01 15:16:11,360][curator.data.datamodule][INFO] - AtomsDataModule(datapath=../LiFePO4.traj
Dataset size=2257, training dataset size=2031, validation dataset size=225, test dataset size=0.
scale=None, shift=None, atomwise_normalization=True, scale_forces=True
)
[2025-10-01 15:16:11,384][curator][DEBUG] - Instantiating task <curator.model.LitNNP>
[2025-10-01 15:16:11,389][curator.model.base][DEBUG] - Energy loss weight: 1 Forces loss weight: 100
[2025-10-01 15:16:11,389][curator][DEBUG] - Instantiating model <class 'curator.model.base.NeuralNetworkPotential'> with GNN representation <class 'curator.model.painn.PainnModel'>
[2025-10-01 15:16:11,389][curator][DEBUG] - Instantiating trainer <pytorch_lightning.Trainer>
[2025-10-01 15:16:11,488][curator.data.datamodule][DEBUG] - Using reference energies for elements: None.
[2025-10-01 15:16:12,375][curator.data.datamodule][DEBUG] - Forces will be scaled by forces_rms: 1.231.
[2025-10-01 15:16:12,376][curator.data.datamodule][DEBUG] - Atomwise model outputs will be normalized.
[2025-10-01 15:16:12,376][curator.data.datamodule][DEBUG] - Model output properties will be scaled by 1.231, shifted by -6.520.
[2025-10-01 15:16:12,376][curator.data.datamodule][DEBUG] - Using reference energies for elements: None.
[2025-10-01 15:16:12,376][curator.model.base][INFO] - NeuralNetworkPotential(
  (representation): PainnModel(
    (atom_embedding): Embedding(119, 128)
    (message_layers): ModuleList(
      (0-2): 3 x PainnMessage(
        (cutoff_fn): CosineCutoff()
        (radial_basis): SineBasis()
        (scalar_message_mlp): Sequential(
          (0): Linear(in_features=128, out_features=128, bias=True)
          (1): SiLU()
          (2): Linear(in_features=128, out_features=384, bias=True)
        )
        (filter_layer): Linear(in_features=20, out_features=384, bias=True)
      )
    )
    (update_layers): ModuleList(
      (0-2): 3 x PainnUpdate(
        (update_U): Linear(in_features=128, out_features=128, bias=True)
        (update_V): Linear(in_features=128, out_features=128, bias=True)
        (update_mlp): Sequential(
          (0): Linear(in_features=256, out_features=128, bias=True)
          (1): SiLU()
          (2): Linear(in_features=128, out_features=384, bias=True)
        )
      )
    )
    (readout_mlp): Sequential(
      (0): Linear(in_features=128, out_features=128, bias=True)
      (1): SiLU()
      (2): Linear(in_features=128, out_features=1, bias=True)
    )
  )
  (input_modules): ModuleList(
    (0): PairwiseDistance(compute_neighbor_list=True, compute_distance_from_R=False, compute_forces=True)
  )
  (output_modules): CallbackModuleList(
    (0): AtomwiseReduce()
    (1): GradientOutput(grad_on_edge_diff=True, grad_on_positions=False, model_outputs=['forces'])
    (2): GlobalRescaleShift(scale_by=tensor([1.2307]), shift_by=tensor([-6.5200]), shift_by_E0=False, atomic_energies={}, scale_keys=['energy', 'forces'], shift_keys=['energy'], atomwise_normalization=True)
  )
)
[2025-10-01 15:16:12,382][curator.model.base][DEBUG] - Model parameters: 600,577
[2025-10-01 15:16:12,575][curator.model.base][INFO] - 

[2025-10-01 15:16:12,575][curator.model.base][DEBUG] - Validating
[2025-10-01 15:16:14,628][curator.model.base][INFO] - # epoch      batch      total_loss     energy_loss     forces_loss      energy_mae     energy_rmse      forces_mae     forces_rmse
[2025-10-01 15:16:14,629][curator.model.base][INFO] -       0          0             135            7.93             127            3.28            3.47           0.877            1.39
[2025-10-01 15:16:15,326][curator.model.base][INFO] -       0         10            95.6            12.2            83.3            4.26            4.31           0.697            1.12
[2025-10-01 15:16:15,713][curator.model.base][INFO] -       0         20             145            8.23             137            3.31            3.53           0.897            1.44
[2025-10-01 15:16:15,991][curator.model.base][INFO] - 

[2025-10-01 15:16:15,991][curator.model.base][DEBUG] - Epoch summary:
[2025-10-01 15:16:15,991][curator.model.base][INFO] - Validation  # epoch      total_loss     energy_loss     forces_loss      energy_mae     energy_rmse      forces_mae     forces_rmse
[2025-10-01 15:16:15,991][curator.model.base][INFO] -                   0             118              10             110            3.75            3.88           0.784            1.27
[2025-10-01 15:16:15,995][curator.model.base][INFO] - 

[2025-10-01 15:16:15,995][curator.model.base][DEBUG] - Start training model
[2025-10-01 15:16:15,995][curator.model.base][INFO] - LightningAdamW (
Parameter Group 0
    amsgrad: False
    betas: [0.9, 0.999]
    capturable: False
    differentiable: False
    eps: 1e-08
    foreach: None
    fused: None
    lr: 0.0005
    maximize: False
    weight_decay: 0.01
)
[2025-10-01 15:16:15,996][curator.model.base][INFO] - 

[2025-10-01 15:16:15,996][curator.model.base][DEBUG] - Training
[2025-10-01 15:16:15,996][curator.model.base][INFO] - # epoch      batch      total_loss     energy_loss     forces_loss      energy_mae     energy_rmse      forces_mae     forces_rmse
[2025-10-01 15:16:16,083][curator.model.base][INFO] -       0          0             119             9.1             110            3.59            3.71           0.828            1.29
[2025-10-01 15:16:17,255][curator.model.base][INFO] -       0         10            23.5            1.97            21.6             1.7            1.73           0.418           0.571
[2025-10-01 15:16:16,670][curator.model.base][INFO] -       0         20              16           0.105            15.9           0.362           0.399           0.362           0.491
[2025-10-01 15:16:17,483][curator.model.base][INFO] -       0         30             8.1           0.166            7.93           0.452           0.502           0.249           0.347
[2025-10-01 15:16:18,313][curator.model.base][INFO] -       0         40             6.3           0.391            5.91           0.756           0.769           0.224           0.299
