[2025-10-01 16:33:56,858][curator][DEBUG] - Running on host: XSH-20240927AHO
[2025-10-01 16:33:56,858][curator][DEBUG] - Seed with <3407>
[2025-10-01 16:33:56,862][curator][DEBUG] - Instantiating datamodule <curator.data.AtomsDataModule> from dataset ../LiFePO4.traj
[2025-10-01 16:33:56,864][curator.data.datamodule][INFO] - AtomsDataModule(datapath=../LiFePO4.traj
Dataset size=2257, training dataset size=2031, validation dataset size=225, test dataset size=0.
scale=None, shift=None, atomwise_normalization=True, scale_forces=True
)
[2025-10-01 16:33:56,879][curator][DEBUG] - Instantiating task <curator.model.LitNNP>
[2025-10-01 16:33:56,884][curator.model.base][DEBUG] - Energy loss weight: 1 Forces loss weight: 100
[2025-10-01 16:33:56,885][curator][DEBUG] - Instantiating model <class 'curator.model.base.NeuralNetworkPotential'> with GNN representation <class 'curator.model.painn.PainnModel'>
[2025-10-01 16:33:56,885][curator][DEBUG] - Instantiating trainer <pytorch_lightning.Trainer>
[2025-10-01 16:33:57,001][curator.data.datamodule][DEBUG] - Using reference energies for elements: None.
[2025-10-01 16:33:58,197][curator.data.datamodule][DEBUG] - Forces will be scaled by forces_rms: 1.231.
[2025-10-01 16:33:58,198][curator.data.datamodule][DEBUG] - Atomwise model outputs will be normalized.
[2025-10-01 16:33:58,198][curator.data.datamodule][DEBUG] - Model output properties will be scaled by 1.231, shifted by -6.520.
[2025-10-01 16:33:58,198][curator.data.datamodule][DEBUG] - Using reference energies for elements: None.
[2025-10-01 16:33:58,198][curator.model.base][INFO] - NeuralNetworkPotential(
  (representation): PainnModel(
    (atom_embedding): Embedding(119, 128)
    (message_layers): ModuleList(
      (0-2): 3 x PainnMessage(
        (cutoff_fn): CosineCutoff()
        (radial_basis): SineBasis()
        (scalar_message_mlp): Sequential(
          (0): Linear(in_features=128, out_features=128, bias=True)
          (1): SiLU()
          (2): Linear(in_features=128, out_features=384, bias=True)
        )
        (filter_layer): Linear(in_features=20, out_features=384, bias=True)
      )
    )
    (update_layers): ModuleList(
      (0-2): 3 x PainnUpdate(
        (update_U): Linear(in_features=128, out_features=128, bias=True)
        (update_V): Linear(in_features=128, out_features=128, bias=True)
        (update_mlp): Sequential(
          (0): Linear(in_features=256, out_features=128, bias=True)
          (1): SiLU()
          (2): Linear(in_features=128, out_features=384, bias=True)
        )
      )
    )
    (readout_mlp): Sequential(
      (0): Linear(in_features=128, out_features=128, bias=True)
      (1): SiLU()
      (2): Linear(in_features=128, out_features=1, bias=True)
    )
  )
  (input_modules): ModuleList(
    (0): PairwiseDistance(compute_neighbor_list=True, compute_distance_from_R=False, compute_forces=True)
  )
  (output_modules): CallbackModuleList(
    (0): AtomwiseReduce()
    (1): GradientOutput(grad_on_edge_diff=True, grad_on_positions=False, model_outputs=['forces'])
    (2): GlobalRescaleShift(scale_by=tensor([1.2307]), shift_by=tensor([-6.5200]), shift_by_E0=False, atomic_energies={}, scale_keys=['energy', 'forces'], shift_keys=['energy'], atomwise_normalization=True)
  )
)
[2025-10-01 16:33:58,202][curator.model.base][DEBUG] - Model parameters: 600,577
[2025-10-01 16:33:58,440][curator.model.base][INFO] - 

[2025-10-01 16:33:58,440][curator.model.base][DEBUG] - Validating
[2025-10-01 16:33:59,565][curator.model.base][INFO] - # epoch      batch      total_loss     energy_loss     forces_loss      energy_mae     energy_rmse      forces_mae     forces_rmse
[2025-10-01 16:33:59,566][curator.model.base][INFO] -       0          0             135            7.93             127            3.28            3.47           0.877            1.39
[2025-10-01 16:34:00,430][curator.model.base][INFO] -       0         10            95.6            12.2            83.3            4.26            4.31           0.697            1.12
[2025-10-01 16:34:00,984][curator.model.base][INFO] -       0         20             145            8.23             137            3.31            3.53           0.897            1.44
[2025-10-01 16:34:01,378][curator.model.base][INFO] - 

[2025-10-01 16:34:01,378][curator.model.base][DEBUG] - Epoch summary:
[2025-10-01 16:34:01,378][curator.model.base][INFO] - Validation  # epoch      total_loss     energy_loss     forces_loss      energy_mae     energy_rmse      forces_mae     forces_rmse
[2025-10-01 16:34:01,378][curator.model.base][INFO] -                   0             118              10             110            3.75            3.88           0.784            1.27
[2025-10-01 16:34:01,381][curator.model.base][INFO] - 

[2025-10-01 16:34:01,381][curator.model.base][DEBUG] - Start training model
[2025-10-01 16:34:01,382][curator.model.base][INFO] - LightningAdamW (
Parameter Group 0
    amsgrad: False
    betas: [0.9, 0.999]
    capturable: False
    differentiable: False
    eps: 1e-08
    foreach: None
    fused: None
    lr: 0.0005
    maximize: False
    weight_decay: 0.01
)
[2025-10-01 16:34:01,383][curator.model.base][INFO] - 

[2025-10-01 16:34:01,383][curator.model.base][DEBUG] - Training
[2025-10-01 16:34:01,383][curator.model.base][INFO] - # epoch      batch      total_loss     energy_loss     forces_loss      energy_mae     energy_rmse      forces_mae     forces_rmse
[2025-10-01 16:34:01,486][curator.model.base][INFO] -       0          0             119             9.1             110            3.59            3.71           0.828            1.29
[2025-10-01 16:34:02,988][curator.model.base][INFO] -       0         10            23.5            1.97            21.6             1.7            1.73           0.418           0.571
[2025-10-01 16:34:04,184][curator.model.base][INFO] -       0         20              16           0.105            15.9           0.362           0.399           0.362           0.491
[2025-10-01 16:34:05,375][curator.model.base][INFO] -       0         30             8.1           0.166            7.93           0.452           0.501           0.249           0.347
[2025-10-01 16:34:06,591][curator.model.base][INFO] -       0         40             6.3           0.391            5.91           0.756           0.769           0.224           0.299
[2025-10-01 16:34:07,765][curator.model.base][INFO] -       0         50            7.86          0.0278            7.84           0.168           0.205            0.24           0.344
[2025-10-01 16:34:08,959][curator.model.base][INFO] -       0         60            6.76          0.0736            6.69           0.211           0.334           0.226           0.318
[2025-10-01 16:34:10,177][curator.model.base][INFO] -       0         70            6.54             2.8            3.74            2.05            2.06           0.174           0.238
[2025-10-01 16:34:11,364][curator.model.base][INFO] -       0         80             3.4           0.329            3.07           0.698           0.706           0.154           0.216
[2025-10-01 16:34:12,604][curator.model.base][INFO] -       0         90             2.8            0.62            2.18           0.967           0.969           0.136           0.182
[2025-10-01 16:34:12,061][curator.model.base][INFO] -       0        100            2.32           0.323               2           0.691             0.7           0.128           0.174
[2025-10-01 16:34:13,261][curator.model.base][INFO] -       0        110            1.75            0.31            1.44           0.683           0.686           0.108           0.148
[2025-10-01 16:34:14,463][curator.model.base][INFO] -       0        120            1.72           0.332            1.39           0.705           0.709            0.11           0.145
[2025-10-01 16:34:15,178][curator.model.base][INFO] - 

[2025-10-01 16:34:15,178][curator.model.base][DEBUG] - Validating
[2025-10-01 16:34:15,178][curator.model.base][INFO] - # epoch      batch      total_loss     energy_loss     forces_loss      energy_mae     energy_rmse      forces_mae     forces_rmse
[2025-10-01 16:34:15,234][curator.model.base][INFO] -       0          0            2.23         0.00565            2.22          0.0631          0.0925           0.127           0.183
[2025-10-01 16:34:15,815][curator.model.base][INFO] -       0         10           0.975         0.00166           0.973          0.0441          0.0501          0.0918           0.121
[2025-10-01 16:34:16,371][curator.model.base][INFO] -       0         20            1.63         0.00398            1.62          0.0563          0.0777           0.115           0.157
[2025-10-01 16:34:16,787][curator.model.base][INFO] - 

[2025-10-01 16:34:16,787][curator.model.base][DEBUG] - Epoch summary:
[2025-10-01 16:34:16,787][curator.model.base][INFO] - Validation  # epoch      total_loss     energy_loss     forces_loss      energy_mae     energy_rmse      forces_mae     forces_rmse
[2025-10-01 16:34:16,787][curator.model.base][INFO] -                   0            1.54          0.0043            1.54          0.0555          0.0731           0.109           0.151
[2025-10-01 16:34:16,794][curator.model.base][INFO] - Train       # epoch      total_loss     energy_loss     forces_loss      energy_mae     energy_rmse      forces_mae     forces_rmse
[2025-10-01 16:34:16,794][curator.model.base][INFO] -                   0            10.7           0.893            9.82            0.85            0.88            0.23           0.328
[2025-10-01 16:34:16,845][curator.model.base][INFO] - 

[2025-10-01 16:34:16,845][curator.model.base][DEBUG] - Training
[2025-10-01 16:34:16,845][curator.model.base][INFO] - # epoch      batch      total_loss     energy_loss     forces_loss      energy_mae     energy_rmse      forces_mae     forces_rmse
[2025-10-01 16:34:16,930][curator.model.base][INFO] -       1          0            1.67          0.0779            1.59           0.337           0.344           0.118           0.155
[2025-10-01 16:34:18,143][curator.model.base][INFO] -       1         10            2.34         0.00239            2.34          0.0475          0.0602           0.136           0.188
[2025-10-01 16:34:19,357][curator.model.base][INFO] -       1         20            1.91           0.292            1.62            0.65           0.665           0.108           0.157
[2025-10-01 16:34:20,546][curator.model.base][INFO] -       1         30            1.23           0.178            1.05           0.516           0.519          0.0929           0.126
[2025-10-01 16:34:21,730][curator.model.base][INFO] -       1         40            1.22           0.327           0.893           0.703           0.704          0.0863           0.116
[2025-10-01 16:34:22,972][curator.model.base][INFO] -       1         50            1.31           0.223            1.09           0.579           0.581          0.0966           0.129
[2025-10-01 16:34:24,182][curator.model.base][INFO] -       1         60            1.19           0.266           0.925           0.633           0.634          0.0887           0.118
[2025-10-01 16:34:25,366][curator.model.base][INFO] -       1         70            1.52           0.269            1.25           0.637           0.639          0.0951           0.138
[2025-10-01 16:34:26,596][curator.model.base][INFO] -       1         80            1.05           0.343           0.711            0.72           0.721          0.0781           0.104
[2025-10-01 16:34:27,827][curator.model.base][INFO] -       1         90            1.15           0.261           0.887           0.628           0.629          0.0858           0.116
[2025-10-01 16:34:29,037][curator.model.base][INFO] -       1        100            1.05           0.314           0.736           0.688            0.69          0.0798           0.106
[2025-10-01 16:34:30,243][curator.model.base][INFO] -       1        110           0.861            0.21           0.651           0.563           0.564          0.0752          0.0993
[2025-10-01 16:34:31,446][curator.model.base][INFO] -       1        120            1.05           0.299           0.754            0.67           0.673          0.0775           0.107
[2025-10-01 16:34:32,200][curator.model.base][INFO] - 

[2025-10-01 16:34:32,200][curator.model.base][DEBUG] - Validating
[2025-10-01 16:34:32,200][curator.model.base][INFO] - # epoch      batch      total_loss     energy_loss     forces_loss      energy_mae     energy_rmse      forces_mae     forces_rmse
[2025-10-01 16:34:32,260][curator.model.base][INFO] -       1          0           0.947         0.00111           0.945          0.0345           0.041          0.0883            0.12
[2025-10-01 16:34:32,790][curator.model.base][INFO] -       1         10           0.474        0.000633           0.473          0.0228           0.031          0.0631          0.0846
[2025-10-01 16:34:33,273][curator.model.base][INFO] -       1         20           0.747         0.00104           0.746          0.0317          0.0397          0.0777           0.106
[2025-10-01 16:34:33,686][curator.model.base][INFO] - 

[2025-10-01 16:34:33,686][curator.model.base][DEBUG] - Epoch summary:
[2025-10-01 16:34:33,686][curator.model.base][INFO] - Validation  # epoch      total_loss     energy_loss     forces_loss      energy_mae     energy_rmse      forces_mae     forces_rmse
[2025-10-01 16:34:33,686][curator.model.base][INFO] -                   1            0.66         0.00135           0.665          0.0317          0.0421          0.0732          0.0992
[2025-10-01 16:34:33,694][curator.model.base][INFO] - Train       # epoch      total_loss     energy_loss     forces_loss      energy_mae     energy_rmse      forces_mae     forces_rmse
[2025-10-01 16:34:33,694][curator.model.base][INFO] -                   1            1.34           0.224            1.11           0.557           0.561          0.0931           0.128
[2025-10-01 16:34:33,748][curator.model.base][INFO] - 

[2025-10-01 16:34:33,748][curator.model.base][DEBUG] - Training
[2025-10-01 16:34:33,748][curator.model.base][INFO] - # epoch      batch      total_loss     energy_loss     forces_loss      energy_mae     energy_rmse      forces_mae     forces_rmse
[2025-10-01 16:34:33,835][curator.model.base][INFO] -       2          0            1.06           0.118           0.947           0.419           0.422          0.0862            0.12
[2025-10-01 16:34:34,983][curator.model.base][INFO] -       2         10           0.938           0.161           0.778           0.491           0.493           0.082           0.109
[2025-10-01 16:34:36,218][curator.model.base][INFO] -       2         20            1.13           0.328           0.803           0.704           0.705          0.0806            0.11
[2025-10-01 16:34:37,381][curator.model.base][INFO] -       2         30           0.774           0.167           0.608           0.501           0.502          0.0727          0.0959
[2025-10-01 16:34:38,315][curator.model.base][INFO] -       2         40            1.06           0.209           0.847           0.563           0.563          0.0829           0.113
[2025-10-01 16:34:39,185][curator.model.base][INFO] -       2         50           0.935           0.198           0.737           0.547           0.548          0.0771           0.106
[2025-10-01 16:34:40,109][curator.model.base][INFO] -       2         60           0.693           0.175           0.518           0.513           0.515          0.0643          0.0886
[2025-10-01 16:34:41,244][curator.model.base][INFO] -       2         70           0.681           0.224           0.457           0.582           0.583          0.0628          0.0832
[2025-10-01 16:34:42,148][curator.model.base][INFO] -       2         80           0.557          0.0647           0.492           0.311           0.313          0.0668          0.0863
[2025-10-01 16:34:43,082][curator.model.base][INFO] -       2         90           0.898           0.184           0.714           0.526           0.528           0.076           0.104
[2025-10-01 16:34:44,294][curator.model.base][INFO] -       2        100           0.769         0.00273           0.766          0.0587          0.0643          0.0769           0.108
[2025-10-01 16:34:43,551][curator.model.base][INFO] -       2        110           0.976          0.0159            0.96           0.146           0.155          0.0881           0.121
[2025-10-01 16:34:44,428][curator.model.base][INFO] -       2        120           0.685           0.006           0.679          0.0865          0.0953          0.0789           0.101
[2025-10-01 16:34:44,984][curator.model.base][INFO] - 

[2025-10-01 16:34:44,984][curator.model.base][DEBUG] - Validating
[2025-10-01 16:34:44,984][curator.model.base][INFO] - # epoch      batch      total_loss     energy_loss     forces_loss      energy_mae     energy_rmse      forces_mae     forces_rmse
[2025-10-01 16:34:45,045][curator.model.base][INFO] -       2          0           0.548        0.000832           0.547          0.0269          0.0355          0.0691           0.091
