2025-12-25 04:17:09: Running on host: XSH-20240927AHO
2025-12-25 04:17:09: Simulation setup:
  Engine    : curator.simulate.engines.torchsim.TorchSimEngine
  Model     : ../test/best_model.ckpt
  Init traj : ../test/LiFePO4.traj
  Systems   : 2 | frames [0, 1]
  Device    : cuda
  Engine params: integrator=nve, temperature=300.0, timestep=0.001
  Callbacks   :
    - curator.simulate.callbacks.calc.CalculatorAssign
    - curator.simulate.callbacks.trajectory.TrajectoryWriter
    - curator.simulate.callbacks.torchsim_logger.TorchSimThermoLogger
    - curator.simulate.callbacks.early_stop.EarlyStop
2025-12-25 04:17:09: Seed with <1234>
2025-12-25 04:17:09: Module repr_callback is not provided. To calculate mahalanobis, the provided dataset will be used to calculate precision matrix afterwards.
Calculating features from provided dataset <../test/torchsim_uncertainty/dataset_small.traj>.
Calculating precision matrix from 5 structures.
Processing batch 1/1
Mahalanobis thresholds derived from dataset: low=7.498294, high=8.510510
Loaded 2 systems.
  sys0: natoms=28, Fe:4, Li:4, O:16, P:4
  sys1: natoms=28, Fe:4, Li:4, O:16, P:4
2025-12-25 04:17:10: Calcator assigned to atoms.
           step            sys           epot           ekin           etot      maha_dist     is_outlier     is_warning            sys           epot           ekin           etot      maha_dist     is_outlier     is_warning
              1              0     -184.12271        0.03211     -184.09060        8.66937        1.00000        1.00000              1     -184.11342        0.05345     -184.05997        8.66937        1.00000        1.00000
Early stop requested: [sys1] uncertainty maha_dist flagged as outlier; value=8.6693696975708
Timing summary (s): load=0.0016, callbacks_start=0.3478, engine_setup=0.0505, attach=0.0000, simulate=0.1230, callbacks_end=0.0000, total=0.5245
