2025-12-25 04:16:52: Running on host: XSH-20240927AHO
2025-12-25 04:16:52: Simulation setup:
  Engine    : curator.simulate.engines.torchsim.TorchSimEngine
  Model     : ../test/best_model.ckpt
  Init traj : ../test/LiFePO4.traj
  Systems   : 1 | single system
  Device    : cuda
  Engine params: integrator=nve, temperature=300.0, timestep=0.001
  Callbacks   :
    - curator.simulate.callbacks.calc.CalculatorAssign
    - curator.simulate.callbacks.trajectory.TrajectoryWriter
    - curator.simulate.callbacks.torchsim_logger.TorchSimThermoLogger
    - curator.simulate.callbacks.early_stop.EarlyStop
2025-12-25 04:16:52: Seed with <1234>
2025-12-25 04:16:52: Module repr_callback is not provided. To calculate mahalanobis, the provided dataset will be used to calculate precision matrix afterwards.
Calculating features from provided dataset <../test/torchsim_uncertainty/dataset_small.traj>.
Calculating precision matrix from 5 structures.
Processing batch 1/1
Mahalanobis thresholds derived from dataset: low=7.498518, high=8.510735
Loaded single system: natoms=28, Fe:4, Li:4, O:16, P:4
2025-12-25 04:16:53: Calcator assigned to atoms.
           step           epot           ekin           etot      maha_dist     is_outlier     is_warning
uncertainty backend state: <curator.simulate.uncertainty.auto.AutoUncertainty object at 0x73aebecf0c80>
uncertainty snapshot: {'maha_dist': 140.54368591308594, 'is_outlier': True, 'is_warning': True}
              1     -183.15202        1.09463     -182.05739      140.54369        1.00000        1.00000
Early stop requested: uncertainty maha_dist flagged as outlier; value=140.54368591308594
Timing summary (s): load=0.0008, callbacks_start=0.1614, engine_setup=0.0827, attach=0.0000, simulate=0.2415, callbacks_end=0.0000, total=0.4873
